Block: v1
In: {input}
Out: {index, input}
Block: for.cond.0
In: {index, input}
Out: {index, input}
Block: for.body.0
In: {index, input}
Out: {index, input, isBuzz}
Block: then.21
In: {index, input, isBuzz}
Out: {index, input}
Block: then.23
In: {index, input}
Out: {index, input}
Block: else.23
In: {index, input}
Out: {index, input}
Block: endif.23
In: {index, input}
Out: {index, input}
Block: else.21
In: {index, isBuzz}
Out: {index}
Block: then.33
In: ∅
Out: ∅
Block: else.33
In: {index}
Out: ∅
Block: endif.33
In: ∅
Out: ∅
Block: endif.21
In: {index, input}
Out: {index, input}
Block: for.end.0
In: ∅
Out: ∅
