block edited 0 : Block(idx=main, label=None, edges = [] )
block edited 1 : Block(idx=mod_pow, label=None, edges = [] )
block edited 2 : Block(idx=, label=None, edges = [] )
block edited 3 : Block(idx=then.0, label=None, edges = [] )
block edited 4 : Block(idx=, label=None, edges = [] )
block edited 5 : Block(idx=else.0, label=None, edges = [] )
block edited 6 : Block(idx=for.cond.8, label=None, edges = [] )
block edited 7 : Block(idx=, label=None, edges = [] )
block edited 8 : Block(idx=for.body.8, label=None, edges = [] )
block edited 9 : Block(idx=, label=None, edges = [] )
block edited 10 : Block(idx=then.15, label=None, edges = [] )
block edited 11 : Block(idx=, label=None, edges = [] )
block edited 12 : Block(idx=else.15, label=None, edges = [] )
block edited 13 : Block(idx=endif.15, label=None, edges = [] )
block edited 14 : Block(idx=, label=None, edges = [] )
block edited 15 : Block(idx=for.end.8, label=None, edges = [] )
block edited 16 : Block(idx=mod, label=None, edges = [] )
block unedited 0 : Block(idx=main, label=None, edges = [] )
block unedited 1 : Block(idx=mod_pow, label=None, edges = [] )
block unedited 2 : Block(idx=then.0, label=None, edges = [] )
block unedited 3 : Block(idx=else.0, label=None, edges = [] )
block unedited 4 : Block(idx=for.cond.8, label=None, edges = [] )
block unedited 5 : Block(idx=for.body.8, label=None, edges = [] )
block unedited 6 : Block(idx=then.15, label=None, edges = [] )
block unedited 7 : Block(idx=else.15, label=None, edges = [] )
block unedited 8 : Block(idx=endif.15, label=None, edges = [] )
block unedited 9 : Block(idx=for.end.8, label=None, edges = [] )
block unedited 10 : Block(idx=mod, label=None, edges = [] )
predecessors {'main': [], 'mod_pow': [], 'then.0': ['mod_pow'], 'else.0': ['mod_pow'], 'for.cond.8': ['else.0', 'endif.15'], 'for.body.8': ['for.cond.8'], 'then.15': ['for.body.8'], 'else.15': ['for.body.8'], 'endif.15': ['then.15'], 'for.end.8': ['for.cond.8'], 'mod': []}
dom: {'main': {'main'}, 'mod_pow': {'mod_pow'}, 'then.0': {'then.0', 'mod_pow'}, 'else.0': {'mod_pow', 'else.0'}, 'for.cond.8': {'mod_pow', 'else.0', 'for.cond.8'}, 'for.body.8': {'for.body.8', 'mod_pow', 'else.0', 'for.cond.8'}, 'then.15': {'then.15', 'for.body.8', 'else.0', 'for.cond.8', 'mod_pow'}, 'else.15': {'for.body.8', 'else.0', 'for.cond.8', 'else.15', 'mod_pow'}, 'endif.15': {'then.15', 'endif.15', 'for.body.8', 'else.0', 'for.cond.8', 'mod_pow'}, 'for.end.8': {'for.cond.8', 'mod_pow', 'else.0', 'for.end.8'}, 'mod': {'mod'}}
func_cfg: {'main': [], 'mod_pow': ['then.0', 'else.0'], 'then.0': [], 'else.0': ['for.cond.8'], 'for.cond.8': ['for.body.8', 'for.end.8'], 'for.body.8': ['then.15', 'else.15'], 'then.15': ['endif.15'], 'else.15': [], 'endif.15': ['for.cond.8'], 'for.end.8': [], 'mod': []}
cfg: {'main': [], 'mod_pow': ['then.0', 'else.0'], 'then.0': [], 'else.0': ['for.cond.8'], 'for.cond.8': ['for.body.8', 'for.end.8'], 'for.body.8': ['then.15', 'else.15'], 'then.15': ['endif.15'], 'else.15': [], 'endif.15': ['for.cond.8'], 'for.end.8': [], 'mod': []}
