{
    "functions": [
        {
            "args": [
                {
                    "name": "in",
                    "type": "int"
                }
            ],
            "instrs": [
                {
                    "dest": "ten",
                    "op": "const",
                    "type": "int",
                    "value": 10
                },
                {
                    "dest": "zero",
                    "op": "id",
                    "type": "int",
                    "args": [
                        "ten"
                    ]
                },
                {
                    "dest": "one",
                    "op": "id",
                    "type": "int",
                    "args": [
                        "ten"
                    ]
                },
                {
                    "dest": "index",
                    "op": "id",
                    "type": "int",
                    "args": [
                        "ten"
                    ]
                },
                {
                    "dest": "not_finished",
                    "op": "const",
                    "type": "bool",
                    "value": true
                },
                {
                    "label": "for.cond"
                },
                {
                    "args": [
                        "not_finished"
                    ],
                    "labels": [
                        "for.body",
                        "for.end"
                    ],
                    "op": "br"
                },
                {
                    "label": "for.body"
                },
                {
                    "args": [
                        "ten",
                        "index"
                    ],
                    "dest": "power",
                    "funcs": [
                        "pow"
                    ],
                    "op": "call",
                    "type": "int"
                },
                {
                    "args": [
                        "in",
                        "power"
                    ],
                    "dest": "d",
                    "op": "div",
                    "type": "int"
                },
                {
                    "args": [
                        "d",
                        "zero"
                    ],
                    "dest": "check",
                    "op": "eq",
                    "type": "bool"
                },
                {
                    "args": [
                        "check"
                    ],
                    "labels": [
                        "if.true",
                        "if.false"
                    ],
                    "op": "br"
                },
                {
                    "label": "if.true"
                },
                {
                    "dest": "not_finished",
                    "op": "const",
                    "type": "bool",
                    "value": false
                },
                {
                    "labels": [
                        "for.cond"
                    ],
                    "op": "jmp"
                },
                {
                    "label": "if.false"
                },
                {
                    "args": [
                        "index",
                        "one"
                    ],
                    "dest": "index",
                    "op": "add",
                    "type": "int"
                },
                {
                    "labels": [
                        "for.cond"
                    ],
                    "op": "jmp"
                },
                {
                    "label": "for.end"
                },
                {
                    "args": [
                        "index",
                        "one"
                    ],
                    "dest": "exp",
                    "op": "sub",
                    "type": "int"
                },
                {
                    "args": [
                        "in",
                        "exp"
                    ],
                    "dest": "is_palindrome",
                    "funcs": [
                        "palindrome"
                    ],
                    "op": "call",
                    "type": "bool"
                },
                {
                    "args": [
                        "is_palindrome"
                    ],
                    "op": "print"
                }
            ],
            "name": "main"
        },
        {
            "args": [
                {
                    "name": "base",
                    "type": "int"
                },
                {
                    "name": "exp",
                    "type": "int"
                }
            ],
            "instrs": [
                {
                    "dest": "res",
                    "op": "const",
                    "type": "int",
                    "value": 1
                },
                {
                    "dest": "zero",
                    "op": "id",
                    "type": "int",
                    "args": [
                        "res"
                    ]
                },
                {
                    "dest": "one",
                    "op": "id",
                    "type": "int",
                    "args": [
                        "res"
                    ]
                },
                {
                    "dest": "not_finished",
                    "op": "id",
                    "type": "int",
                    "args": [
                        "res"
                    ]
                },
                {
                    "label": "for.cond.pow"
                },
                {
                    "args": [
                        "not_finished"
                    ],
                    "labels": [
                        "for.body.pow",
                        "for.end.pow"
                    ],
                    "op": "br"
                },
                {
                    "label": "for.body.pow"
                },
                {
                    "args": [
                        "exp",
                        "zero"
                    ],
                    "dest": "finished",
                    "op": "eq",
                    "type": "bool"
                },
                {
                    "args": [
                        "finished"
                    ],
                    "labels": [
                        "if.true.pow",
                        "if.false.pow"
                    ],
                    "op": "br"
                },
                {
                    "label": "if.true.pow"
                },
                {
                    "dest": "not_finished",
                    "op": "const",
                    "type": "bool",
                    "value": false
                },
                {
                    "labels": [
                        "for.cond.pow"
                    ],
                    "op": "jmp"
                },
                {
                    "label": "if.false.pow"
                },
                {
                    "args": [
                        "res",
                        "base"
                    ],
                    "dest": "res",
                    "op": "mul",
                    "type": "int"
                },
                {
                    "args": [
                        "exp",
                        "one"
                    ],
                    "dest": "exp",
                    "op": "sub",
                    "type": "int"
                },
                {
                    "labels": [
                        "for.cond.pow"
                    ],
                    "op": "jmp"
                },
                {
                    "label": "for.end.pow"
                },
                {
                    "args": [
                        "res"
                    ],
                    "op": "ret"
                }
            ],
            "name": "pow",
            "type": "int"
        },
        {
            "args": [
                {
                    "name": "in",
                    "type": "int"
                },
                {
                    "name": "len",
                    "type": "int"
                }
            ],
            "instrs": [
                {
                    "dest": "is_palindrome",
                    "op": "const",
                    "type": "bool",
                    "value": false
                },
                {
                    "dest": "zero",
                    "op": "id",
                    "type": "int",
                    "args": [
                        "is_palindrome"
                    ]
                },
                {
                    "dest": "two",
                    "op": "const",
                    "type": "int",
                    "value": 2
                },
                {
                    "dest": "ten",
                    "op": "id",
                    "type": "int",
                    "args": [
                        "two"
                    ]
                },
                {
                    "args": [
                        "len",
                        "is_palindrome"
                    ],
                    "dest": "check",
                    "op": "le",
                    "type": "bool"
                },
                {
                    "args": [
                        "check"
                    ],
                    "labels": [
                        "if.true.palindrome",
                        "if.false.palindrome"
                    ],
                    "op": "br"
                },
                {
                    "label": "if.true.palindrome"
                },
                {
                    "dest": "is_palindrome",
                    "op": "const",
                    "type": "bool",
                    "value": true
                },
                {
                    "labels": [
                        "if.end.palindrome"
                    ],
                    "op": "jmp"
                },
                {
                    "label": "if.false.palindrome"
                },
                {
                    "args": [
                        "ten",
                        "len"
                    ],
                    "dest": "power",
                    "funcs": [
                        "pow"
                    ],
                    "op": "call",
                    "type": "int"
                },
                {
                    "args": [
                        "in",
                        "power"
                    ],
                    "dest": "left",
                    "op": "div",
                    "type": "int"
                },
                {
                    "args": [
                        "left"
                    ],
                    "dest": "v1",
                    "op": "id",
                    "type": "int"
                },
                {
                    "args": [
                        "left",
                        "ten"
                    ],
                    "dest": "v2",
                    "op": "mul",
                    "type": "int"
                },
                {
                    "args": [
                        "in",
                        "v2"
                    ],
                    "dest": "right",
                    "op": "sub",
                    "type": "int"
                },
                {
                    "args": [
                        "left",
                        "right"
                    ],
                    "dest": "is_equal",
                    "op": "eq",
                    "type": "bool"
                },
                {
                    "args": [
                        "is_equal"
                    ],
                    "labels": [
                        "if.true.mirror",
                        "if.false.mirror"
                    ],
                    "op": "br"
                },
                {
                    "label": "if.true.mirror"
                },
                {
                    "args": [
                        "power",
                        "left"
                    ],
                    "dest": "temp",
                    "op": "mul",
                    "type": "int"
                },
                {
                    "args": [
                        "in",
                        "temp"
                    ],
                    "dest": "temp",
                    "op": "sub",
                    "type": "int"
                },
                {
                    "args": [
                        "temp"
                    ],
                    "dest": "temp",
                    "op": "id",
                    "type": "int"
                },
                {
                    "args": [
                        "temp",
                        "ten"
                    ],
                    "dest": "next_in",
                    "op": "div",
                    "type": "int"
                },
                {
                    "args": [
                        "temp"
                    ],
                    "dest": "next_len",
                    "op": "id",
                    "type": "int"
                },
                {
                    "args": [
                        "next_in",
                        "temp"
                    ],
                    "dest": "is_palindrome",
                    "funcs": [
                        "palindrome"
                    ],
                    "op": "call",
                    "type": "bool"
                },
                {
                    "labels": [
                        "if.end.palindrome"
                    ],
                    "op": "jmp"
                },
                {
                    "label": "if.false.mirror"
                },
                {
                    "dest": "is_palindrome",
                    "op": "const",
                    "type": "bool",
                    "value": false
                },
                {
                    "labels": [
                        "if.end.palindrome"
                    ],
                    "op": "jmp"
                },
                {
                    "label": "if.end.palindrome"
                },
                {
                    "args": [
                        "is_palindrome"
                    ],
                    "op": "ret"
                }
            ],
            "name": "palindrome",
            "type": "bool"
        }
    ]
}