{
    "functions": [
        {
            "args": [
                {
                    "name": "a",
                    "type": "int"
                },
                {
                    "name": "b",
                    "type": "int"
                },
                {
                    "name": "c",
                    "type": "int"
                }
            ],
            "instrs": [
                {
                    "args": [
                        "a",
                        "b",
                        "c"
                    ],
                    "funcs": [
                        "quadratic"
                    ],
                    "op": "call"
                }
            ],
            "name": "main"
        },
        {
            "args": [
                {
                    "name": "x",
                    "type": "int"
                }
            ],
            "instrs": [
                {
                    "dest": "v1",
                    "op": "const",
                    "type": "int",
                    "value": 1
                },
                {
                    "args": [
                        "v1"
                    ],
                    "dest": "i",
                    "op": "id",
                    "type": "int"
                },
                {
                    "label": "for.cond.0"
                },
                {
                    "args": [
                        "i"
                    ],
                    "dest": "v2",
                    "op": "id",
                    "type": "int"
                },
                {
                    "args": [
                        "x"
                    ],
                    "dest": "v3",
                    "op": "id",
                    "type": "int"
                },
                {
                    "dest": "v4",
                    "op": "const",
                    "type": "int",
                    "value": 1
                },
                {
                    "args": [
                        "id",
                        "v4"
                    ],
                    "dest": "v5",
                    "op": "sub",
                    "type": "int"
                },
                {
                    "args": [
                        "id",
                        "v5"
                    ],
                    "dest": "v6",
                    "op": "lt",
                    "type": "bool"
                },
                {
                    "args": [
                        "v6"
                    ],
                    "labels": [
                        "for.body.0",
                        "for.end.0"
                    ],
                    "op": "br"
                },
                {
                    "label": "for.body.0"
                },
                {
                    "args": [
                        "i"
                    ],
                    "dest": "v8",
                    "op": "id",
                    "type": "int"
                },
                {
                    "args": [
                        "id"
                    ],
                    "dest": "v9",
                    "op": "id",
                    "type": "int"
                },
                {
                    "args": [
                        "id",
                        "id"
                    ],
                    "dest": "v10",
                    "op": "mul",
                    "type": "int"
                },
                {
                    "args": [
                        "x"
                    ],
                    "dest": "v11",
                    "op": "id",
                    "type": "int"
                },
                {
                    "args": [
                        "v10",
                        "id"
                    ],
                    "dest": "v12",
                    "op": "ge",
                    "type": "bool"
                },
                {
                    "args": [
                        "v12"
                    ],
                    "labels": [
                        "then.7",
                        "else.7"
                    ],
                    "op": "br"
                },
                {
                    "label": "then.7"
                },
                {
                    "args": [
                        "i"
                    ],
                    "dest": "v13",
                    "op": "id",
                    "type": "int"
                },
                {
                    "args": [
                        "id"
                    ],
                    "op": "ret"
                },
                {
                    "label": "else.7"
                },
                {
                    "label": "endif.7"
                },
                {
                    "args": [
                        "i"
                    ],
                    "dest": "v14",
                    "op": "id",
                    "type": "int"
                },
                {
                    "dest": "v15",
                    "op": "const",
                    "type": "int",
                    "value": 1
                },
                {
                    "args": [
                        "id",
                        "v15"
                    ],
                    "dest": "v16",
                    "op": "add",
                    "type": "int"
                },
                {
                    "args": [
                        "v16"
                    ],
                    "dest": "i",
                    "op": "id",
                    "type": "int"
                },
                {
                    "labels": [
                        "for.cond.0"
                    ],
                    "op": "jmp"
                },
                {
                    "label": "for.end.0"
                },
                {
                    "dest": "v17",
                    "op": "const",
                    "type": "int",
                    "value": 0
                },
                {
                    "args": [
                        "v17"
                    ],
                    "op": "ret"
                }
            ],
            "name": "sqrt",
            "type": "int"
        },
        {
            "args": [
                {
                    "name": "a",
                    "type": "int"
                },
                {
                    "name": "b",
                    "type": "int"
                },
                {
                    "name": "c",
                    "type": "int"
                }
            ],
            "instrs": [
                {
                    "args": [
                        "b"
                    ],
                    "dest": "v0",
                    "op": "id",
                    "type": "int"
                },
                {
                    "args": [
                        "id"
                    ],
                    "dest": "v1",
                    "op": "id",
                    "type": "int"
                },
                {
                    "args": [
                        "id",
                        "id"
                    ],
                    "dest": "v2",
                    "op": "mul",
                    "type": "int"
                },
                {
                    "dest": "v3",
                    "op": "const",
                    "type": "int",
                    "value": 4
                },
                {
                    "args": [
                        "a"
                    ],
                    "dest": "v4",
                    "op": "id",
                    "type": "int"
                },
                {
                    "args": [
                        "v3",
                        "id"
                    ],
                    "dest": "v5",
                    "op": "mul",
                    "type": "int"
                },
                {
                    "args": [
                        "c"
                    ],
                    "dest": "v6",
                    "op": "id",
                    "type": "int"
                },
                {
                    "args": [
                        "v5",
                        "id"
                    ],
                    "dest": "v7",
                    "op": "mul",
                    "type": "int"
                },
                {
                    "args": [
                        "v2",
                        "v7"
                    ],
                    "dest": "v8",
                    "op": "sub",
                    "type": "int"
                },
                {
                    "args": [
                        "v8"
                    ],
                    "dest": "s",
                    "op": "id",
                    "type": "int"
                },
                {
                    "dest": "v9",
                    "op": "const",
                    "type": "int",
                    "value": 2
                },
                {
                    "args": [
                        "id"
                    ],
                    "dest": "v10",
                    "op": "id",
                    "type": "int"
                },
                {
                    "args": [
                        "v9",
                        "id"
                    ],
                    "dest": "v11",
                    "op": "mul",
                    "type": "int"
                },
                {
                    "args": [
                        "v11"
                    ],
                    "dest": "d",
                    "op": "id",
                    "type": "int"
                },
                {
                    "dest": "v12",
                    "op": "const",
                    "type": "int",
                    "value": 0
                },
                {
                    "args": [
                        "id"
                    ],
                    "dest": "v13",
                    "op": "id",
                    "type": "int"
                },
                {
                    "args": [
                        "v12",
                        "id"
                    ],
                    "dest": "v14",
                    "op": "sub",
                    "type": "int"
                },
                {
                    "args": [
                        "v8"
                    ],
                    "dest": "v15",
                    "op": "id",
                    "type": "int"
                },
                {
                    "args": [
                        "v8"
                    ],
                    "dest": "v16",
                    "funcs": [
                        "sqrt"
                    ],
                    "op": "call",
                    "type": "int"
                },
                {
                    "args": [
                        "v14",
                        "v16"
                    ],
                    "dest": "v17",
                    "op": "add",
                    "type": "int"
                },
                {
                    "args": [
                        "v17"
                    ],
                    "dest": "r1",
                    "op": "id",
                    "type": "int"
                },
                {
                    "dest": "v18",
                    "op": "id",
                    "type": "int",
                    "args": [
                        "v12"
                    ]
                },
                {
                    "args": [
                        "id"
                    ],
                    "dest": "v19",
                    "op": "id",
                    "type": "int"
                },
                {
                    "args": [
                        "v12",
                        "id"
                    ],
                    "dest": "v20",
                    "op": "sub",
                    "type": "int"
                },
                {
                    "args": [
                        "v8"
                    ],
                    "dest": "v21",
                    "op": "id",
                    "type": "int"
                },
                {
                    "args": [
                        "v16"
                    ],
                    "dest": "v22",
                    "funcs": [
                        "sqrt"
                    ],
                    "op": "id",
                    "type": "int"
                },
                {
                    "args": [
                        "v20",
                        "v16"
                    ],
                    "dest": "v23",
                    "op": "sub",
                    "type": "int"
                },
                {
                    "args": [
                        "v23"
                    ],
                    "dest": "r2",
                    "op": "id",
                    "type": "int"
                },
                {
                    "args": [
                        "v17"
                    ],
                    "dest": "v24",
                    "op": "id",
                    "type": "int"
                },
                {
                    "args": [
                        "v11"
                    ],
                    "dest": "v25",
                    "op": "id",
                    "type": "int"
                },
                {
                    "args": [
                        "v17",
                        "v11"
                    ],
                    "dest": "v26",
                    "op": "div",
                    "type": "int"
                },
                {
                    "args": [
                        "v26"
                    ],
                    "op": "print"
                },
                {
                    "dest": "v27",
                    "op": "id",
                    "type": "int",
                    "args": [
                        "v12"
                    ]
                },
                {
                    "args": [
                        "v23"
                    ],
                    "dest": "v28",
                    "op": "id",
                    "type": "int"
                },
                {
                    "args": [
                        "v11"
                    ],
                    "dest": "v29",
                    "op": "id",
                    "type": "int"
                },
                {
                    "args": [
                        "v23",
                        "v11"
                    ],
                    "dest": "v30",
                    "op": "div",
                    "type": "int"
                },
                {
                    "args": [
                        "v30"
                    ],
                    "op": "print"
                },
                {
                    "dest": "v31",
                    "op": "id",
                    "type": "int",
                    "args": [
                        "v12"
                    ]
                }
            ],
            "name": "quadratic"
        }
    ]
}