0
[(Idx = 0, Value = (Instr = const, Value = ((23789216,))), Var = v0)]
1
[(Idx = 0, Value = (Instr = const, Value = ((23789216,))), Var = v0), (Idx = 1, Value = (Instr = const, Value = ((1748698766,))), Var = v1)]
0
[(Idx = 0, Value = (Instr = const, Value = ((23789216,))), Var = v0), (Idx = 1, Value = (Instr = const, Value = ((1748698766,))), Var = v1)]
1
[(Idx = 0, Value = (Instr = const, Value = ((23789216,))), Var = v0), (Idx = 1, Value = (Instr = const, Value = ((1748698766,))), Var = v1)]
2
[(Idx = 0, Value = (Instr = const, Value = ((23789216,))), Var = v0), (Idx = 1, Value = (Instr = const, Value = ((1748698766,))), Var = v1), (Idx = 2, Value = (Instr = call, Value = ((0, 1))), Var = f)]
2
[(Idx = 0, Value = (Instr = const, Value = ((23789216,))), Var = v0), (Idx = 1, Value = (Instr = const, Value = ((1748698766,))), Var = v1), (Idx = 2, Value = (Instr = call, Value = ((0, 1))), Var = f)]
5
[(Idx = 0, Value = (Instr = const, Value = ((23789216,))), Var = v0), (Idx = 1, Value = (Instr = const, Value = ((1748698766,))), Var = v1), (Idx = 2, Value = (Instr = call, Value = ((0, 1))), Var = f), (Idx = 3, Value = (Instr = print, Value = ((2,))), Var = print), (Idx = 4, Value = (Instr = const, Value = ((0,))), Var = v5), (Idx = 6, Value = (Instr = id, Value = (('r',))), Var = id)]
6
[(Idx = 0, Value = (Instr = const, Value = ((23789216,))), Var = v0), (Idx = 1, Value = (Instr = const, Value = ((1748698766,))), Var = v1), (Idx = 2, Value = (Instr = call, Value = ((0, 1))), Var = f), (Idx = 3, Value = (Instr = print, Value = ((2,))), Var = print), (Idx = 4, Value = (Instr = const, Value = ((0,))), Var = v5), (Idx = 6, Value = (Instr = id, Value = (('r',))), Var = id), (Idx = 7, Value = (Instr = id, Value = (('s',))), Var = id), (Idx = 7, Value = (Instr = div, Value = ((None,))), Var = id), (Idx = 8, Value = (Instr = div, Value = ((7, 7))), Var = v3)]
10
[(Idx = 0, Value = (Instr = const, Value = ((23789216,))), Var = v0), (Idx = 1, Value = (Instr = const, Value = ((1748698766,))), Var = v1), (Idx = 2, Value = (Instr = call, Value = ((0, 1))), Var = f), (Idx = 3, Value = (Instr = print, Value = ((2,))), Var = print), (Idx = 4, Value = (Instr = const, Value = ((0,))), Var = v5), (Idx = 6, Value = (Instr = id, Value = (('r',))), Var = id), (Idx = 7, Value = (Instr = id, Value = (('s',))), Var = id), (Idx = 7, Value = (Instr = div, Value = ((None,))), Var = id), (Idx = 8, Value = (Instr = div, Value = ((7, 7))), Var = v3), (Idx = 9, Value = (Instr = mul, Value = ((7, 8))), Var = v5), (Idx = 10, Value = (Instr = sub, Value = ((7, 9))), Var = v6)]
10
[(Idx = 0, Value = (Instr = const, Value = ((23789216,))), Var = v0), (Idx = 1, Value = (Instr = const, Value = ((1748698766,))), Var = v1), (Idx = 2, Value = (Instr = call, Value = ((0, 1))), Var = f), (Idx = 3, Value = (Instr = print, Value = ((2,))), Var = print), (Idx = 4, Value = (Instr = const, Value = ((0,))), Var = v5), (Idx = 6, Value = (Instr = id, Value = (('r',))), Var = id), (Idx = 7, Value = (Instr = id, Value = (('s',))), Var = id), (Idx = 7, Value = (Instr = div, Value = ((None,))), Var = id), (Idx = 8, Value = (Instr = div, Value = ((7, 7))), Var = v3), (Idx = 9, Value = (Instr = mul, Value = ((7, 8))), Var = v5), (Idx = 10, Value = (Instr = sub, Value = ((7, 9))), Var = v6)]
0
[(Idx = 0, Value = (Instr = const, Value = ((0,))), Var = v0)]
0
[(Idx = 0, Value = (Instr = const, Value = ((0,))), Var = v0), (Idx = 2, Value = (Instr = id, Value = (('b',))), Var = id)]
3
[(Idx = 0, Value = (Instr = const, Value = ((0,))), Var = v0), (Idx = 2, Value = (Instr = id, Value = (('b',))), Var = id), (Idx = 2, Value = (Instr = eq, Value = ((None,))), Var = id), (Idx = 3, Value = (Instr = eq, Value = ((0, 2))), Var = v3)]
4
[(Idx = 0, Value = (Instr = const, Value = ((0,))), Var = v0), (Idx = 2, Value = (Instr = id, Value = (('b',))), Var = id), (Idx = 2, Value = (Instr = eq, Value = ((None,))), Var = id), (Idx = 3, Value = (Instr = eq, Value = ((0, 2))), Var = v3), (Idx = 4, Value = (Instr = not, Value = ((3,))), Var = v4)]
0
[(Idx = 1, Value = (Instr = id, Value = (('b',))), Var = id)]
0
[(Idx = 1, Value = (Instr = id, Value = (('b',))), Var = id), (Idx = 2, Value = (Instr = id, Value = (('a',))), Var = id)]
3
[(Idx = 1, Value = (Instr = id, Value = (('b',))), Var = id), (Idx = 2, Value = (Instr = id, Value = (('a',))), Var = id), (Idx = 2, Value = (Instr = call, Value = ((None,))), Var = id), (Idx = 3, Value = (Instr = call, Value = ((2, 2))), Var = v10)]
0
[(Idx = 1, Value = (Instr = id, Value = (('b',))), Var = id), (Idx = 2, Value = (Instr = id, Value = (('a',))), Var = id), (Idx = 2, Value = (Instr = call, Value = ((None,))), Var = id), (Idx = 3, Value = (Instr = call, Value = ((2, 2))), Var = v10)]
0
[(Idx = 1, Value = (Instr = id, Value = (('b',))), Var = id), (Idx = 2, Value = (Instr = id, Value = (('a',))), Var = id), (Idx = 2, Value = (Instr = call, Value = ((None,))), Var = id), (Idx = 3, Value = (Instr = call, Value = ((2, 2))), Var = v10)]
3
[(Idx = 1, Value = (Instr = id, Value = (('b',))), Var = id), (Idx = 2, Value = (Instr = id, Value = (('a',))), Var = id), (Idx = 2, Value = (Instr = call, Value = ((None,))), Var = id), (Idx = 3, Value = (Instr = call, Value = ((2, 2))), Var = v10)]
5
[(Idx = 1, Value = (Instr = id, Value = (('b',))), Var = id), (Idx = 2, Value = (Instr = id, Value = (('a',))), Var = id), (Idx = 2, Value = (Instr = call, Value = ((None,))), Var = id), (Idx = 3, Value = (Instr = call, Value = ((2, 2))), Var = v10), (Idx = 5, Value = (Instr = id, Value = (('zero',))), Var = id), (Idx = 5, Value = (Instr = eq, Value = ((2, 3))), Var = v14)]
6
[(Idx = 1, Value = (Instr = id, Value = (('b',))), Var = id), (Idx = 2, Value = (Instr = id, Value = (('a',))), Var = id), (Idx = 2, Value = (Instr = call, Value = ((None,))), Var = id), (Idx = 3, Value = (Instr = call, Value = ((2, 2))), Var = v10), (Idx = 5, Value = (Instr = id, Value = (('zero',))), Var = id), (Idx = 5, Value = (Instr = eq, Value = ((2, 3))), Var = v14), (Idx = 6, Value = (Instr = not, Value = ((5,))), Var = v15)]
{'functions': [{'instrs': [{'dest': 'v0', 'op': 'const', 'type': 'int', 'value': 23789216}, {'args': ['v0'], 'dest': 'x', 'op': 'id', 'type': 'int'}, {'dest': 'v1', 'op': 'const', 'type': 'int', 'value': 1748698766}, {'args': ['v1'], 'dest': 'y', 'op': 'id', 'type': 'int'}, {'args': ['v0'], 'dest': 'v2', 'op': 'id', 'type': 'int'}, {'args': ['v1'], 'dest': 'v3', 'op': 'id', 'type': 'int'}, {'args': ['v0', 'v1'], 'dest': 'f', 'funcs': ['gcd'], 'op': 'call', 'type': 'int'}, {'args': ['f'], 'dest': 'f', 'op': 'id', 'type': 'int'}, {'args': ['f'], 'dest': 'v4', 'op': 'id', 'type': 'int'}, {'args': ['f'], 'op': 'print'}, {'dest': 'v5', 'op': 'const', 'type': 'int', 'value': 0}], 'name': 'main'}, {'args': [{'name': 'r', 'type': 'int'}, {'name': 's', 'type': 'int'}], 'instrs': [{'args': ['r'], 'dest': 'v0', 'op': 'id', 'type': 'int'}, {'args': ['id'], 'dest': 'v1', 'op': 'id', 'type': 'int'}, {'args': ['s'], 'dest': 'v2', 'op': 'id', 'type': 'int'}, {'args': ['id', 'id'], 'dest': 'v3', 'op': 'div', 'type': 'int'}, {'args': ['id'], 'dest': 'v4', 'op': 'id', 'type': 'int'}, {'args': ['v3', 'id'], 'dest': 'v5', 'op': 'mul', 'type': 'int'}, {'args': ['id', 'v5'], 'dest': 'v6', 'op': 'sub', 'type': 'int'}, {'args': ['v6'], 'dest': 'result', 'op': 'id', 'type': 'int'}, {'args': ['v6'], 'dest': 'v7', 'op': 'id', 'type': 'int'}, {'args': ['v6'], 'op': 'ret'}], 'name': 'mod', 'type': 'int'}, {'args': [{'name': 'a', 'type': 'int'}, {'name': 'b', 'type': 'int'}], 'instrs': [{'dest': 'v0', 'op': 'const', 'type': 'int', 'value': 0}, {'args': ['v0'], 'dest': 'zero', 'op': 'id', 'type': 'int'}, {'args': ['b'], 'dest': 'v1', 'op': 'id', 'type': 'int'}, {'args': ['v0'], 'dest': 'v2', 'op': 'id', 'type': 'int'}, {'args': ['id', 'v0'], 'dest': 'v3', 'op': 'eq', 'type': 'bool'}, {'args': ['v3'], 'dest': 'cond_temp', 'op': 'id', 'type': 'bool'}, {'args': ['v3'], 'dest': 'v4', 'op': 'not', 'type': 'bool'}, {'args': ['v4'], 'dest': 'cond', 'op': 'id', 'type': 'bool'}, {'label': 'for.cond.5'}, {'args': ['cond'], 'dest': 'v6', 'op': 'id', 'type': 'bool'}, {'args': ['v6'], 'labels': ['for.body.5', 'for.end.5'], 'op': 'br'}, {'label': 'for.body.5'}, {'args': ['b'], 'dest': 'v7', 'op': 'id', 'type': 'int'}, {'args': ['id'], 'dest': 'temp', 'op': 'id', 'type': 'int'}, {'args': ['a'], 'dest': 'v8', 'op': 'id', 'type': 'int'}, {'args': ['id'], 'dest': 'v9', 'op': 'id', 'type': 'int'}, {'args': ['id', 'id'], 'dest': 'v10', 'funcs': ['mod'], 'op': 'call', 'type': 'int'}, {'args': ['v10'], 'dest': 'b', 'op': 'id', 'type': 'int'}, {'args': ['id'], 'dest': 'v11', 'op': 'id', 'type': 'int'}, {'args': ['id'], 'dest': 'a', 'op': 'id', 'type': 'int'}, {'args': ['v10'], 'dest': 'v12', 'op': 'id', 'type': 'int'}, {'args': ['zero'], 'dest': 'v13', 'op': 'id', 'type': 'int'}, {'args': ['v10', 'id'], 'dest': 'v14', 'op': 'eq', 'type': 'bool'}, {'args': ['v14'], 'dest': 'cond_temp', 'op': 'id', 'type': 'bool'}, {'args': ['v14'], 'dest': 'v15', 'op': 'not', 'type': 'bool'}, {'args': ['v15'], 'dest': 'cond', 'op': 'id', 'type': 'bool'}, {'labels': ['for.cond.5'], 'op': 'jmp'}, {'label': 'for.end.5'}, {'args': ['a'], 'dest': 'v16', 'op': 'id', 'type': 'int'}, {'args': ['id'], 'op': 'ret'}], 'name': 'gcd', 'type': 'int'}]}
