{
    "functions": [
        {
            "args": [
                {
                    "name": "n",
                    "type": "int"
                },
                {
                    "name": "p",
                    "type": "int"
                }
            ],
            "instrs": [
                {
                    "dest": "v0",
                    "op": "const",
                    "type": "int",
                    "value": 2
                },
                {
                    "args": [
                        "v0"
                    ],
                    "dest": "two",
                    "op": "id",
                    "type": "int"
                },
                {
                    "args": [
                        "p"
                    ],
                    "dest": "v1",
                    "op": "id",
                    "type": "int"
                },
                {
                    "args": [
                        "v0"
                    ],
                    "dest": "v2",
                    "op": "id",
                    "type": "int"
                },
                {
                    "args": [
                        "id",
                        "v0"
                    ],
                    "dest": "v3",
                    "op": "sub",
                    "type": "int"
                },
                {
                    "args": [
                        "v3"
                    ],
                    "dest": "m",
                    "op": "id",
                    "type": "int"
                },
                {
                    "dest": "v4",
                    "op": "const",
                    "type": "int",
                    "value": 1
                },
                {
                    "args": [
                        "v4"
                    ],
                    "dest": "ans",
                    "op": "id",
                    "type": "int"
                },
                {
                    "args": [
                        "n"
                    ],
                    "dest": "v5",
                    "op": "id",
                    "type": "int"
                },
                {
                    "args": [
                        "id"
                    ],
                    "dest": "a",
                    "op": "id",
                    "type": "int"
                },
                {
                    "dest": "v7",
                    "op": "id",
                    "type": "int",
                    "args": [
                        "v4"
                    ]
                },
                {
                    "args": [
                        "v4"
                    ],
                    "dest": "i",
                    "op": "id",
                    "type": "int"
                },
                {
                    "label": "for.cond.6"
                },
                {
                    "args": [
                        "m"
                    ],
                    "dest": "v8",
                    "op": "id",
                    "type": "int"
                },
                {
                    "dest": "v9",
                    "op": "const",
                    "type": "int",
                    "value": 0
                },
                {
                    "args": [
                        "id",
                        "v9"
                    ],
                    "dest": "v10",
                    "op": "gt",
                    "type": "bool"
                },
                {
                    "args": [
                        "v10"
                    ],
                    "labels": [
                        "for.body.6",
                        "for.end.6"
                    ],
                    "op": "br"
                },
                {
                    "label": "for.body.6"
                },
                {
                    "args": [
                        "m"
                    ],
                    "dest": "v12",
                    "op": "id",
                    "type": "int"
                },
                {
                    "args": [
                        "id"
                    ],
                    "dest": "v13",
                    "op": "id",
                    "type": "int"
                },
                {
                    "args": [
                        "two"
                    ],
                    "dest": "v14",
                    "op": "id",
                    "type": "int"
                },
                {
                    "args": [
                        "id",
                        "id"
                    ],
                    "dest": "v15",
                    "op": "div",
                    "type": "int"
                },
                {
                    "args": [
                        "id"
                    ],
                    "dest": "v16",
                    "op": "id",
                    "type": "int"
                },
                {
                    "args": [
                        "v15",
                        "id"
                    ],
                    "dest": "v17",
                    "op": "mul",
                    "type": "int"
                },
                {
                    "args": [
                        "id",
                        "v17"
                    ],
                    "dest": "v18",
                    "op": "eq",
                    "type": "bool"
                },
                {
                    "args": [
                        "v18"
                    ],
                    "labels": [
                        "then.11",
                        "else.11"
                    ],
                    "op": "br"
                },
                {
                    "label": "then.11"
                },
                {
                    "labels": [
                        "endif.11"
                    ],
                    "op": "jmp"
                },
                {
                    "label": "else.11"
                },
                {
                    "args": [
                        "ans"
                    ],
                    "dest": "v19",
                    "op": "id",
                    "type": "int"
                },
                {
                    "args": [
                        "a"
                    ],
                    "dest": "v20",
                    "op": "id",
                    "type": "int"
                },
                {
                    "args": [
                        "id",
                        "id"
                    ],
                    "dest": "v21",
                    "op": "mul",
                    "type": "int"
                },
                {
                    "args": [
                        "p"
                    ],
                    "dest": "v22",
                    "op": "id",
                    "type": "int"
                },
                {
                    "args": [
                        "v21",
                        "id"
                    ],
                    "dest": "v23",
                    "funcs": [
                        "mod"
                    ],
                    "op": "call",
                    "type": "int"
                },
                {
                    "args": [
                        "v23"
                    ],
                    "dest": "ans",
                    "op": "id",
                    "type": "int"
                },
                {
                    "label": "endif.11"
                },
                {
                    "args": [
                        "a"
                    ],
                    "dest": "v24",
                    "op": "id",
                    "type": "int"
                },
                {
                    "args": [
                        "id"
                    ],
                    "dest": "v25",
                    "op": "id",
                    "type": "int"
                },
                {
                    "args": [
                        "id",
                        "id"
                    ],
                    "dest": "v26",
                    "op": "mul",
                    "type": "int"
                },
                {
                    "args": [
                        "p"
                    ],
                    "dest": "v27",
                    "op": "id",
                    "type": "int"
                },
                {
                    "args": [
                        "v26",
                        "id"
                    ],
                    "dest": "v28",
                    "funcs": [
                        "mod"
                    ],
                    "op": "call",
                    "type": "int"
                },
                {
                    "args": [
                        "v28"
                    ],
                    "dest": "a",
                    "op": "id",
                    "type": "int"
                },
                {
                    "args": [
                        "m"
                    ],
                    "dest": "v29",
                    "op": "id",
                    "type": "int"
                },
                {
                    "args": [
                        "two"
                    ],
                    "dest": "v30",
                    "op": "id",
                    "type": "int"
                },
                {
                    "args": [
                        "id",
                        "id"
                    ],
                    "dest": "v31",
                    "op": "div",
                    "type": "int"
                },
                {
                    "args": [
                        "v31"
                    ],
                    "dest": "m",
                    "op": "id",
                    "type": "int"
                },
                {
                    "labels": [
                        "for.cond.6"
                    ],
                    "op": "jmp"
                },
                {
                    "label": "for.end.6"
                },
                {
                    "args": [
                        "ans"
                    ],
                    "dest": "v32",
                    "op": "id",
                    "type": "int"
                },
                {
                    "args": [
                        "id"
                    ],
                    "op": "print"
                },
                {
                    "dest": "v33",
                    "op": "const",
                    "type": "int",
                    "value": 0
                }
            ],
            "name": "main"
        },
        {
            "args": [
                {
                    "name": "n",
                    "type": "int"
                },
                {
                    "name": "p",
                    "type": "int"
                }
            ],
            "instrs": [
                {
                    "args": [
                        "n"
                    ],
                    "dest": "v0",
                    "op": "id",
                    "type": "int"
                },
                {
                    "args": [
                        "id"
                    ],
                    "dest": "v1",
                    "op": "id",
                    "type": "int"
                },
                {
                    "args": [
                        "p"
                    ],
                    "dest": "v2",
                    "op": "id",
                    "type": "int"
                },
                {
                    "args": [
                        "id",
                        "id"
                    ],
                    "dest": "v3",
                    "op": "div",
                    "type": "int"
                },
                {
                    "args": [
                        "id"
                    ],
                    "dest": "v4",
                    "op": "id",
                    "type": "int"
                },
                {
                    "args": [
                        "v3",
                        "id"
                    ],
                    "dest": "v5",
                    "op": "mul",
                    "type": "int"
                },
                {
                    "args": [
                        "id",
                        "v5"
                    ],
                    "dest": "v6",
                    "op": "sub",
                    "type": "int"
                },
                {
                    "args": [
                        "v6"
                    ],
                    "op": "ret"
                }
            ],
            "name": "mod",
            "type": "int"
        }
    ]
}