{
    "functions": [
        {
            "instrs": [
                {
                    "dest": "v0",
                    "op": "const",
                    "type": "int",
                    "value": 20
                },
                {
                    "args": [
                        "v0"
                    ],
                    "dest": "a",
                    "op": "id",
                    "type": "int"
                },
                {
                    "args": [
                        "v0"
                    ],
                    "dest": "v1",
                    "op": "id",
                    "type": "int"
                },
                {
                    "args": [
                        "v0"
                    ],
                    "funcs": [
                        "relative_primes"
                    ],
                    "op": "call"
                },
                {
                    "dest": "v2",
                    "op": "const",
                    "type": "int",
                    "value": 0
                }
            ],
            "name": "main"
        },
        {
            "args": [
                {
                    "name": "a",
                    "type": "int"
                },
                {
                    "name": "b",
                    "type": "int"
                }
            ],
            "instrs": [
                {
                    "args": [
                        "v0"
                    ],
                    "dest": "v0",
                    "op": "id",
                    "type": "int"
                },
                {
                    "args": [
                        "b"
                    ],
                    "dest": "v1",
                    "op": "id",
                    "type": "int"
                },
                {
                    "args": [
                        "v0",
                        "id"
                    ],
                    "dest": "v2",
                    "op": "div",
                    "type": "int"
                },
                {
                    "args": [
                        "v2",
                        "id"
                    ],
                    "dest": "v3",
                    "op": "mul",
                    "type": "int"
                },
                {
                    "args": [
                        "v0",
                        "v3"
                    ],
                    "dest": "v4",
                    "op": "sub",
                    "type": "int"
                },
                {
                    "args": [
                        "v4"
                    ],
                    "op": "ret"
                }
            ],
            "name": "mod",
            "type": "int"
        },
        {
            "args": [
                {
                    "name": "a",
                    "type": "int"
                },
                {
                    "name": "b",
                    "type": "int"
                }
            ],
            "instrs": [
                {
                    "args": [
                        "b"
                    ],
                    "dest": "v1",
                    "op": "id",
                    "type": "int"
                },
                {
                    "args": [
                        "a"
                    ],
                    "dest": "v2",
                    "op": "id",
                    "type": "int"
                },
                {
                    "args": [
                        "id",
                        "id"
                    ],
                    "dest": "v3",
                    "op": "gt",
                    "type": "bool"
                },
                {
                    "args": [
                        "v3"
                    ],
                    "labels": [
                        "then.0",
                        "else.0"
                    ],
                    "op": "br"
                },
                {
                    "label": "then.0"
                },
                {
                    "args": [
                        "a"
                    ],
                    "dest": "v4",
                    "op": "id",
                    "type": "int"
                },
                {
                    "args": [
                        "id"
                    ],
                    "dest": "tmp",
                    "op": "id",
                    "type": "int"
                },
                {
                    "args": [
                        "b"
                    ],
                    "dest": "v5",
                    "op": "id",
                    "type": "int"
                },
                {
                    "args": [
                        "id"
                    ],
                    "dest": "a",
                    "op": "id",
                    "type": "int"
                },
                {
                    "args": [
                        "id"
                    ],
                    "dest": "v6",
                    "op": "id",
                    "type": "int"
                },
                {
                    "args": [
                        "id"
                    ],
                    "dest": "b",
                    "op": "id",
                    "type": "int"
                },
                {
                    "labels": [
                        "endif.0"
                    ],
                    "op": "jmp"
                },
                {
                    "label": "else.0"
                },
                {
                    "label": "endif.0"
                },
                {
                    "args": [
                        "a"
                    ],
                    "dest": "v8",
                    "op": "id",
                    "type": "int"
                },
                {
                    "dest": "v9",
                    "op": "const",
                    "type": "int",
                    "value": 0
                },
                {
                    "args": [
                        "id",
                        "v9"
                    ],
                    "dest": "v10",
                    "op": "eq",
                    "type": "bool"
                },
                {
                    "args": [
                        "v10"
                    ],
                    "labels": [
                        "then.7",
                        "else.7"
                    ],
                    "op": "br"
                },
                {
                    "label": "then.7"
                },
                {
                    "args": [
                        "b"
                    ],
                    "dest": "v11",
                    "op": "id",
                    "type": "int"
                },
                {
                    "args": [
                        "id"
                    ],
                    "op": "ret"
                },
                {
                    "labels": [
                        "endif.7"
                    ],
                    "op": "jmp"
                },
                {
                    "label": "else.7"
                },
                {
                    "args": [
                        "b"
                    ],
                    "dest": "v13",
                    "op": "id",
                    "type": "int"
                },
                {
                    "dest": "v14",
                    "op": "const",
                    "type": "int",
                    "value": 0
                },
                {
                    "args": [
                        "id",
                        "v14"
                    ],
                    "dest": "v15",
                    "op": "eq",
                    "type": "bool"
                },
                {
                    "args": [
                        "v15"
                    ],
                    "labels": [
                        "then.12",
                        "else.12"
                    ],
                    "op": "br"
                },
                {
                    "label": "then.12"
                },
                {
                    "args": [
                        "a"
                    ],
                    "dest": "v16",
                    "op": "id",
                    "type": "int"
                },
                {
                    "args": [
                        "id"
                    ],
                    "op": "ret"
                },
                {
                    "labels": [
                        "endif.12"
                    ],
                    "op": "jmp"
                },
                {
                    "label": "else.12"
                },
                {
                    "label": "endif.12"
                },
                {
                    "label": "endif.7"
                },
                {
                    "args": [
                        "a"
                    ],
                    "dest": "v17",
                    "op": "id",
                    "type": "int"
                },
                {
                    "args": [
                        "b"
                    ],
                    "dest": "v18",
                    "op": "id",
                    "type": "int"
                },
                {
                    "args": [
                        "id",
                        "id"
                    ],
                    "dest": "remainder",
                    "funcs": [
                        "mod"
                    ],
                    "op": "call",
                    "type": "int"
                },
                {
                    "args": [
                        "remainder"
                    ],
                    "dest": "remainder",
                    "op": "id",
                    "type": "int"
                },
                {
                    "args": [
                        "id"
                    ],
                    "dest": "v19",
                    "op": "id",
                    "type": "int"
                },
                {
                    "args": [
                        "remainder"
                    ],
                    "dest": "v20",
                    "op": "id",
                    "type": "int"
                },
                {
                    "args": [
                        "id",
                        "remainder"
                    ],
                    "dest": "g",
                    "funcs": [
                        "gcd"
                    ],
                    "op": "call",
                    "type": "int"
                },
                {
                    "args": [
                        "g"
                    ],
                    "dest": "g",
                    "op": "id",
                    "type": "int"
                },
                {
                    "args": [
                        "g"
                    ],
                    "dest": "v21",
                    "op": "id",
                    "type": "int"
                },
                {
                    "args": [
                        "g"
                    ],
                    "op": "ret"
                }
            ],
            "name": "gcd",
            "type": "int"
        },
        {
            "args": [
                {
                    "name": "a",
                    "type": "int"
                }
            ],
            "instrs": [
                {
                    "args": [
                        "a"
                    ],
                    "dest": "v1",
                    "op": "id",
                    "type": "int"
                },
                {
                    "args": [
                        "id"
                    ],
                    "dest": "b",
                    "op": "id",
                    "type": "int"
                },
                {
                    "label": "for.cond.0"
                },
                {
                    "args": [
                        "b"
                    ],
                    "dest": "v2",
                    "op": "id",
                    "type": "int"
                },
                {
                    "dest": "v3",
                    "op": "const",
                    "type": "int",
                    "value": 1
                },
                {
                    "args": [
                        "id",
                        "v3"
                    ],
                    "dest": "v4",
                    "op": "ge",
                    "type": "bool"
                },
                {
                    "args": [
                        "v4"
                    ],
                    "labels": [
                        "for.body.0",
                        "for.end.0"
                    ],
                    "op": "br"
                },
                {
                    "label": "for.body.0"
                },
                {
                    "args": [
                        "a"
                    ],
                    "dest": "v5",
                    "op": "id",
                    "type": "int"
                },
                {
                    "args": [
                        "b"
                    ],
                    "dest": "v6",
                    "op": "id",
                    "type": "int"
                },
                {
                    "args": [
                        "id",
                        "id"
                    ],
                    "dest": "g",
                    "funcs": [
                        "gcd"
                    ],
                    "op": "call",
                    "type": "int"
                },
                {
                    "args": [
                        "g"
                    ],
                    "dest": "g",
                    "op": "id",
                    "type": "int"
                },
                {
                    "args": [
                        "g"
                    ],
                    "dest": "v8",
                    "op": "id",
                    "type": "int"
                },
                {
                    "dest": "v9",
                    "op": "const",
                    "type": "int",
                    "value": 1
                },
                {
                    "args": [
                        "g",
                        "v9"
                    ],
                    "dest": "v10",
                    "op": "eq",
                    "type": "bool"
                },
                {
                    "args": [
                        "v10"
                    ],
                    "labels": [
                        "then.7",
                        "else.7"
                    ],
                    "op": "br"
                },
                {
                    "label": "then.7"
                },
                {
                    "args": [
                        "b"
                    ],
                    "dest": "v11",
                    "op": "id",
                    "type": "int"
                },
                {
                    "args": [
                        "id"
                    ],
                    "op": "print"
                },
                {
                    "dest": "v12",
                    "op": "const",
                    "type": "int",
                    "value": 0
                },
                {
                    "labels": [
                        "endif.7"
                    ],
                    "op": "jmp"
                },
                {
                    "label": "else.7"
                },
                {
                    "label": "endif.7"
                },
                {
                    "args": [
                        "b"
                    ],
                    "dest": "v13",
                    "op": "id",
                    "type": "int"
                },
                {
                    "dest": "v14",
                    "op": "const",
                    "type": "int",
                    "value": 1
                },
                {
                    "args": [
                        "id",
                        "v14"
                    ],
                    "dest": "v15",
                    "op": "sub",
                    "type": "int"
                },
                {
                    "args": [
                        "v15"
                    ],
                    "dest": "b",
                    "op": "id",
                    "type": "int"
                },
                {
                    "labels": [
                        "for.cond.0"
                    ],
                    "op": "jmp"
                },
                {
                    "label": "for.end.0"
                }
            ],
            "name": "relative_primes"
        }
    ]
}